// Jest Snapshot v1, https://goo.gl/fbAQLP

exports[`Huaijin normal use of the theme 1`] = `
.emotion-0 {
  padding: 0;
  outline: none;
  border: none;
  display: inline-block;
  cursor: pointer;
  white-space: nowrap;
  -webkit-user-select: none;
  -moz-user-select: none;
  -ms-user-select: none;
  user-select: none;
  -webkit-tap-highlight-color: rgba(255,255,255,0);
  font-size: 24px;
  font-weight: 300;
  font-family: -apple-system,BlinkMacSystemFont,'Segoe UI',Roboto,Ubuntu,'Open Sans','Helvetica Neue',sans-serif;
  line-height: 1.3;
  color: #000;
  background: transparent;
  position: relative;
  margin: 0.3em;
}

.emotion-0 > .hj-button-main {
  position: relative;
  z-index: 2;
}

.emotion-0:after {
  content: '';
  position: absolute;
  z-index: 1;
  top: 60%;
  left: -0.2em;
  right: -0.2em;
  bottom: 0;
  -webkit-transition: 300ms cubic-bezier(0.25,0.8,0.5,1);
  transition: 300ms cubic-bezier(0.25,0.8,0.5,1);
  background-color: rgba(255,111,97,0.5);
}

.emotion-0:hover:after {
  top: 0;
}

.emotion-0:active:after {
  background-color: rgba(255,111,97,0.6);
  box-shadow: 0 0 0 3px rgba(255,111,97,0.2);
}

<button
  className="emotion-0"
  type="button"
>
  <div
    className="hj-button-main"
  >
    theme
  </div>
</button>
`;
