// Jest Snapshot v1, https://goo.gl/fbAQLP

exports[`Button renders correctly 1`] = `
.c0 {
  padding: 0;
  margin: 0;
  box-sizing: border-box;
  font-size: 14px;
  font-family: -apple-system,BlinkMacSystemFont,'Segoe UI',Roboto,Ubuntu,'Open Sans','Helvetica Neue',sans-serif;
  border: none;
  outline: none;
  display: inline-block;
  cursor: pointer;
  white-space: nowrap;
  -webkit-user-select: none;
  -moz-user-select: none;
  -ms-user-select: none;
  user-select: none;
  -webkit-tap-highlight-color: rgba(255,255,255,0);
  min-width: 88px;
  min-height: 32px;
  border-radius: 2px;
  font-size: 14px;
  -webkit-transition: box-shadow .3s ease,-webkit-transform .3s ease,background .3s ease;
  -webkit-transition: box-shadow .3s ease,transform .3s ease,background .3s ease;
  transition: box-shadow .3s ease,transform .3s ease,background .3s ease;
  color: #707070;
  background-color: #f5f5f5;
  box-shadow: 0px 2px 4px rgba(222,222,222,0.75);
}

.c0:hover {
  -webkit-transform: translate3d(0,-2px,0) scale3d(1.04,1.04,1.04);
  -ms-transform: translate3d(0,-2px,0) scale3d(1.04,1.04,1.04);
  transform: translate3d(0,-2px,0) scale3d(1.04,1.04,1.04);
}

.c0:active {
  -webkit-transform: translate3d(0,0,0) scale3d(1,1,1);
  -ms-transform: translate3d(0,0,0) scale3d(1,1,1);
  transform: translate3d(0,0,0) scale3d(1,1,1);
}

.c0:hover {
  box-shadow: 0px 6px 12px rgba(222,222,222,0.75);
}

.c0:active {
  box-shadow: 0px 2px 4px rgba(222,222,222,0.75);
}

<button
  className="HJButton c0"
  color="default"
  type="button"
>
  Default
</button>
`;
